---
source: fud2/tests/tests.rs
description: "emit plan: verilog-to-xo"
---
build-tool = fud2
rule get-rsrc
  command = $build-tool get-rsrc $out

calyx-base = /test/calyx
calyx-exe = $calyx-base/target/debug/calyx
calyx-lib-path = $calyx-base
args = 
rule calyx
  command = $calyx-exe -l $calyx-lib-path -b $backend $args $in > $out
rule calyx-pass
  command = $calyx-exe -l $calyx-lib-path -p $pass $args $in > $out
cider-calyx-passes = -p none
rule calyx-cider
  command = $calyx-exe -l $calyx-lib-path $cider-calyx-passes $args $in > $out
rule copy
  command = cp $in $out

vivado-dir = /test/xilinx/vivado
vitis-dir = /test/xilinx/vitis
build gen_xo.tcl: get-rsrc
build get-ports.py: get-rsrc
python = python3
rule gen-xo
  command = $vivado-dir/bin/vivado -mode batch -source gen_xo.tcl -tclargs $out `$python get-ports.py kernel.xml`
  pool = console


default /output.ext
