---
source: fud2/tests/tests.rs
description: "emit request: state0 -> state1 through t5"
---
build-tool = fud2
rule get-rsrc
  command = $build-tool get-rsrc $out

rule t5
  command = echo ${this-config-better-not-exist}
this-config-better-not-exist = gholdengo
build _to_stdout_state1: t5 _from_stdin_state0
  i0 = _from_stdin_state0
  o0 = _to_stdout_state1


default _to_stdout_state1
