---
source: fud2/tests/tests.rs
description: "emit plan: area-report-to-flamegraph"
---
build-tool = fud2
rule get-rsrc
  command = $build-tool get-rsrc $out

calyx-base = /test/calyx
rule mkdir
  command = mkdir -p $out
rule move
  command = mv $in $out
rule copy
  command = cp $in $out
rule copy-utilization
  command = cp out/FutilBuild.runs/impl_1/main_utilization_placed.rpt $out
rule copy-timing
  command = cp out/FutilBuild.runs/impl_1/main_timing_summary_routed.rpt $out
rule copy-area
  command = cp out/hierarchical_utilization_placed.rpt $out
rule vivado
  command = vivado -mode batch -source synth.tcl > /dev/null
device_xdc = default.xdc
build default.xdc: get-rsrc
build synth.tcl: get-rsrc
rule parse-rpt
  command = synthrep viz -t flamegraph -f $in > $out
rule extract-util-json
  command = synthrep summary -m utilization > $out
rule extract-hierarchy-json
  command = synthrep summary -m hierarchy > $out

flamegraph-script = /test/calyx/non-existent.script
create-visuals-script = $calyx-base/tools/profiler/create-visuals.sh
rule create-visuals
  command = bash $create-visuals-script $flamegraph-script . $in $out

build flamegraph.folded: parse-rpt /input.ext
build /output.ext: create-visuals flamegraph.folded

default /output.ext
