---
source: fud2/tests/tests.rs
description: "emit plan: mrxl-to-calyx"
snapshot_kind: text
---
build-tool = fud2
rule get-rsrc
  command = $build-tool get-rsrc $out

mrxl_flags = 
mrxl-exe = mrxl
rule mrxl-to-calyx
  command = $mrxl-exe $in ${mrxl_flags} > $out

build /output.ext: mrxl-to-calyx /input.ext

default /output.ext
