---
source: fud2/tests/tests.rs
description: emit firrtl -> verilog-refmem-noverify
---
build-tool = fud2
rule get-rsrc
  command = $build-tool get-rsrc $out

firrtl-exe = /test/bin/firrtl
rule firrtl
  command = $firrtl-exe -i $in -o $out -X sverilog
build primitives-for-firrtl.sv: get-rsrc
rule add-verilog-primitives
  command = cat primitives-for-firrtl.sv $in > $out

build partial.sv: firrtl stdin
build stdin.sv: add-verilog-primitives partial.sv | primitives-for-firrtl.sv

default stdin.sv
