---
source: fud2/tests/tests.rs
description: "emit request: calyx -> dat through cider"
---
build-tool = fud2
rule get-rsrc
  command = $build-tool get-rsrc $out

calyx-base = /test/calyx
calyx-exe = $calyx-base/target/debug/calyx
calyx-lib-path = $calyx-base
args = 
rule calyx
  command = $calyx-exe -l $calyx-lib-path -b $backend $args $in > $out
rule calyx-pass
  command = $calyx-exe -l $calyx-lib-path -p $pass $args $in > $out
flags = -p none
rule calyx-with-flags
  command = $calyx-exe -l $calyx-lib-path $flags $args $in > $out

cider-exe = $calyx-base/target/debug/cider
cider-converter = $calyx-base/target/debug/cider-data-converter
converter-flags = 
cider-flags = 
data = --data data.dump
sim_data = /test/data.json
rule run-cider-debug
  command = $cider-exe -l $calyx-base $data $cider-flags $in debug || true
  pool = console
rule run-cider
  command = $cider-exe -l $calyx-base $data $cider-flags $in > $out
rule interp-to-dump
  command = $cider-converter --to json $converter-flags $in > $out
rule dump-to-interp
  command = $cider-converter --to cider $converter-flags $in > $out
build data.dump: dump-to-interp $sim_data | $cider-converter

build pseudo_cider: calyx-with-flags _from_stdin_calyx.futil
build interp_out.dump: run-cider pseudo_cider | data.dump
build _to_stdout_dat.json: interp-to-dump interp_out.dump | $cider-converter

default _to_stdout_dat.json
