---
source: fud2/tests/tests.rs
---
[
    "area-report",
    "calyx",
    "calyx_py",
    "cider",
    "cider-debug",
    "cocotb-axi",
    "dahlia",
    "dat",
    "firrtl",
    "firrtl-with-primitives",
    "flamegraph",
    "jq",
    "json-report",
    "mrxl",
    "ntt",
    "primitive-uses-json",
    "relay",
    "sim",
    "timing-report",
    "utilization-report",
    "vcd",
    "verilog",
    "verilog-noverify",
    "verilog-refmem",
    "verilog-refmem-noverify",
    "xclbin",
    "xo",
    "yxi",
]
