---
source: fud2/tests/tests.rs
description: emit calyx -> verilog
---
build-tool = fud2
rule get-rsrc
  command = $build-tool get-rsrc $out

# Calyx compiler
calyx-base = /test/calyx
calyx-exe = $calyx-base/target/debug/calyx
rule calyx
  command = $calyx-exe -l $calyx-base -b $backend $args $in > $out
rule calyx-pass
  command = $calyx-exe -l $calyx-base -p $pass $args $in > $out

# build targets
build stdin.sv: calyx stdin
  backend = verilog

default stdin.sv
